Microchip MPLAB XC8 Compiler V1.41 ()

Linker command line:

-W-3 --edf=C:\Program Files (x86)\Microchip\xc8\v1.41\dat\en_msgs.txt -cs \
  -h+dist/default/debug\ProjetoAquario.X.debug.sym \
  --cmf=dist/default/debug\ProjetoAquario.X.debug.cmf -z -Q18F4550 \
  -oC:\Users\Heitor\AppData\Local\Temp\s9s4.2 \
  -Mdist/default/debug/ProjetoAquario.X.debug.map -E1 -ver=XC8 \
  -ASTACK=083h-07ffh -pstack=STACK -ACODE=00h-07FFFh -ACONST=00h-07FFFh \
  -ASMALLCONST=0800h-08FFhx120 -AMEDIUMCONST=0800h-07FFFh -ACOMRAM=01h-05Fh \
  -AABS1=00h-07FFh -ABIGRAM=01h-07FFh -ARAM=060h-0FFh,0100h-01FFhx7 \
  -ABANK0=060h-0FFh -ABANK1=0100h-01FFh -ABANK2=0200h-02FFh \
  -ABANK3=0300h-03FFh -ABANK4=0400h-04FFh -ABANK5=0500h-05FFh \
  -ABANK6=0600h-06FFh -ABANK7=0700h-07FFh -ASFR=0F60h-0FFFh \
  -preset_vec=00h,intcode=08h,intcodelo,powerup,init -pramtop=0800h \
  -psmallconst=SMALLCONST -pmediumconst=MEDIUMCONST -pconst=CONST \
  -AFARRAM=00h-00h -ACONFIG=0300000h-030000Dh -pconfig=CONFIG \
  -AIDLOC=0200000h-0200007h -pidloc=IDLOC -AEEDATA=0F00000h-0F000FFh \
  -peeprom_data=EEDATA \
  -prdata=COMRAM,nvrram=COMRAM,nvbit=COMRAM,rbss=COMRAM,rbit=COMRAM \
  -pfarbss=FARRAM,fardata=FARRAM,nvFARRAM=FARRAM \
  -pintsave_regs=BIGRAM,bigbss=BIGRAM,bigdata=BIGRAM -pbss=RAM \
  -pidata=CODE,irdata=CODE,ibigdata=CODE,ifardata=CODE -prparam=COMRAM \
  C:\Users\Heitor\AppData\Local\Temp\s9s4.obj \
  dist/default/debug\ProjetoAquario.X.debug.obj 

Object code version is 3.11

Machine type is 18F4550

Call graph: (short form)




                Name                               Link     Load   Length Selector   Space Scale
C:\Users\Heitor\AppData\Local\Temp\s9s4.obj
                init                                  E        E        4        4       0
                reset_vec                             0        0        4        0       0
                idloc                            200000   200000        8   200000       0
                config                           300000   300000        E   300000       0
dist/default/debug\ProjetoAquario.X.debug.obj
                intcode                               8        8        6        4       0
                temp                                 3C       3C        1        1       1
                text19                              8D2      8D2       82        4       0
                text18                              A98      A98       56        4       0
                text17                              7B8      7B8       92        4       0
                text16                              A3E      A3E       5A        4       0
                intcode_body                         12       12      1FC        4       0
                text14                              9CA      9CA       74        4       0
                text13                              AEE      AEE       4C        4       0
                text12                              328      328      11A        4       0
                text11                              BD8      BD8        E        4       0
                text10                              54E      54E      100        4       0
                text9                               20E      20E      11A        4       0
                text8                               442      442      10C        4       0
                text7                               64E      64E       BC        4       0
                text6                               954      954       76        4       0
                text5                               70A      70A       AE        4       0
                text4                               BA0      BA0       16        4       0
                text3                               BCA      BCA        E        4       0
                text2                               BB6      BB6       14        4       0
                text1                               84A      84A       88        4       0
                text0                               B7E      B7E       22        4       0
                cstackCOMRAM                          1        1       2E        1       1
                cstackBANK0                          60       60       1E       60       1
                bssBANK0                             7E       7E        5       60       1
                dataCOMRAM                           39       39        3        1       1
                bssCOMRAM                            2F       2F        A        1       1
                cinit                               B3A      B3A       44        4       0
                idataCOMRAM                         BE6      BE6        3        4       0

TOTAL           Name                               Link     Load   Length     Space
        CLASS   STACK          

        CLASS   CODE           
                intcode                               8        8        6         0
                init                                  E        E        4         0
                reset_vec                             0        0        4         0
                text19                              8D2      8D2       82         0
                text18                              A98      A98       56         0
                text17                              7B8      7B8       92         0
                text16                              A3E      A3E       5A         0
                intcode_body                         12       12      1FC         0
                text14                              9CA      9CA       74         0
                text13                              AEE      AEE       4C         0
                text12                              328      328      11A         0
                text11                              BD8      BD8        E         0
                text10                              54E      54E      100         0
                text9                               20E      20E      11A         0
                text8                               442      442      10C         0
                text7                               64E      64E       BC         0
                text6                               954      954       76         0
                text5                               70A      70A       AE         0
                text4                               BA0      BA0       16         0
                text3                               BCA      BCA        E         0
                text2                               BB6      BB6       14         0
                text1                               84A      84A       88         0
                text0                               B7E      B7E       22         0
                cinit                               B3A      B3A       44         0
                idataCOMRAM                         BE6      BE6        3         0

        CLASS   CONST          

        CLASS   SMALLCONST     

        CLASS   MEDIUMCONST    

        CLASS   COMRAM         
                temp                                 3C       3C        1         1
                cstackCOMRAM                          1        1       2E         1
                dataCOMRAM                           39       39        3         1
                bssCOMRAM                            2F       2F        A         1

        CLASS   ABS1           

        CLASS   BIGRAM         

        CLASS   RAM            

        CLASS   BANK0          
                cstackBANK0                          60       60       1E         1
                bssBANK0                             7E       7E        5         1

        CLASS   BANK1          

        CLASS   BANK2          

        CLASS   BANK3          

        CLASS   BANK4          

        CLASS   BANK5          

        CLASS   BANK6          

        CLASS   BANK7          

        CLASS   SFR            

        CLASS   FARRAM         

        CLASS   CONFIG         
                config                           300000   300000        E         0

        CLASS   IDLOC          
                idloc                            200000   200000        8         0

        CLASS   EEDATA         



SEGMENTS        Name                           Load    Length   Top    Selector   Space  Class

                reset_vec                      000000  000004  000004         0       0  CODE    
                cstackCOMRAM                   000001  00003C  00003D         1       1  COMRAM  
                intcode                        000008  000BE1  000BE9         4       0  CODE    
                cstackBANK0                    000060  000023  000083        60       1  BANK0   
                idloc                          200000  000008  200008    200000       0  IDLOC   
                config                         300000  00000E  30000E    300000       0  CONFIG  


UNUSED ADDRESS RANGES

        Name                Unused          Largest block    Delta
        BANK0            000083-0000FF               7D
        BANK1            000100-0001FF              100
        BANK2            000200-0002FF              100
        BANK3            000300-0003FF              100
        BANK4            000400-0004FF              100
        BANK5            000500-0005FF              100
        BANK6            000600-0006FF              100
        BANK7            000700-0007FF              100
        BIGRAM           00003D-00005F               23
                         000083-0007FF              77D
        CODE             000004-000007                4
                         000BE9-007FFF             7417
        COMRAM           00003D-00005F               23
        CONST            000004-000007                4
                         000BE9-007FFF             7417
        EEDATA           F00000-F000FF              100
        MEDIUMCONST      000BE9-007FFF             7417
        RAM              000083-0007FF              100
        SFR              000F60-000FFF               A0
        SMALLCONST       000BE9-007FFF              100
        STACK            000083-0007FF              77D

                                  Symbol Table

?___aldiv                     cstackBANK0  000060
?___lldiv                     cstackBANK0  00006C
?___lmul                      cstackBANK0  000060
?_adc_amostra                 cstackBANK0  000060
?i2___lldiv                   cstackCOMRAM 00000D
?i2___lmul                    cstackCOMRAM 000001
?i2_adc_amostra               cstackCOMRAM 000001
PWM1_Init@f                   cstackBANK0  00006E
PWM1_Init@temp                cstackBANK0  000074
PWM1_Set_Duty@d               cstackBANK0  00007B
PWM1_Set_Duty@temp            cstackBANK0  00007C
_ADCON0                       (abs)        000FC2
_ADCON0bits                   (abs)        000FC2
_ADCON1                       (abs)        000FC1
_ADCON2                       (abs)        000FC0
_ADRESH                       (abs)        000FC4
_ADRESL                       (abs)        000FC3
_CCP1CON                      (abs)        000FBD
_CCP2CON                      (abs)        000FBA
_CCPR1L                       (abs)        000FBE
_CCPR2H                       (abs)        000FBC
_CCPR2L                       (abs)        000FBB
_INTCONbits                   (abs)        000FF2
_PIE1bits                     (abs)        000F9D
_PIE2bits                     (abs)        000FA0
_PIR1bits                     (abs)        000F9E
_PIR2bits                     (abs)        000FA1
_PORTCbits                    (abs)        000F82
_PR2                          (abs)        000FCB
_PWM1_Init                    text8        000442
_PWM1_Set_Duty                text5        00070A
_PWM1_Start                   text4        000BA0
_RCREG                        (abs)        000FAE
_RCSTAbits                    (abs)        000FAB
_SPBRG                        (abs)        000FAF
_T0CONbits                    (abs)        000FD5
_T1CONbits                    (abs)        000FCD
_T2CONbits                    (abs)        000FCA
_T3CONbits                    (abs)        000FB1
_TMR0H                        (abs)        000FD7
_TMR0L                        (abs)        000FD6
_TMR1H                        (abs)        000FCF
_TMR1L                        (abs)        000FCE
_TMR3H                        (abs)        000FB3
_TMR3L                        (abs)        000FB2
_TRISA                        (abs)        000F92
_TRISAbits                    (abs)        000F92
_TRISB                        (abs)        000F93
_TRISC                        (abs)        000F94
_TRISCbits                    (abs)        000F94
_TRISD                        (abs)        000F95
_TRISE                        (abs)        000F96
_TXREG                        (abs)        000FAD
_TXSTAbits                    (abs)        000FAC
__CFG_BOR$OFF                 (abs)        000000
__CFG_BORV$3                  (abs)        000000
__CFG_CCP2MX$ON               (abs)        000000
__CFG_CP0$OFF                 (abs)        000000
__CFG_CP1$OFF                 (abs)        000000
__CFG_CP2$OFF                 (abs)        000000
__CFG_CP3$OFF                 (abs)        000000
__CFG_CPB$OFF                 (abs)        000000
__CFG_CPD$OFF                 (abs)        000000
__CFG_CPUDIV$OSC1_PLL2        (abs)        000000
__CFG_EBTR0$OFF               (abs)        000000
__CFG_EBTR1$OFF               (abs)        000000
__CFG_EBTR2$OFF               (abs)        000000
__CFG_EBTR3$OFF               (abs)        000000
__CFG_EBTRB$OFF               (abs)        000000
__CFG_FCMEN$OFF               (abs)        000000
__CFG_FOSC$HS                 (abs)        000000
__CFG_ICPRT$OFF               (abs)        000000
__CFG_IESO$OFF                (abs)        000000
__CFG_LPT1OSC$OFF             (abs)        000000
__CFG_LVP$OFF                 (abs)        000000
__CFG_MCLRE$ON                (abs)        000000
__CFG_PBADEN$ON               (abs)        000000
__CFG_PLLDIV$2                (abs)        000000
__CFG_PWRT$OFF                (abs)        000000
__CFG_STVREN$OFF              (abs)        000000
__CFG_USBDIV$2                (abs)        000000
__CFG_VREGEN$OFF              (abs)        000000
__CFG_WDT$OFF                 (abs)        000000
__CFG_WDTPS$32768             (abs)        000000
__CFG_WRT0$OFF                (abs)        000000
__CFG_WRT1$OFF                (abs)        000000
__CFG_WRT2$OFF                (abs)        000000
__CFG_WRT3$OFF                (abs)        000000
__CFG_WRTB$OFF                (abs)        000000
__CFG_WRTC$OFF                (abs)        000000
__CFG_WRTD$OFF                (abs)        000000
__CFG_XINST$OFF               (abs)        000000
__HRAM                        (abs)        000000
__Habs1                       abs1         000000
__Hbank0                      bank0        000000
__Hbank1                      bank1        000000
__Hbank2                      bank2        000000
__Hbank3                      bank3        000000
__Hbank4                      bank4        000000
__Hbank5                      bank5        000000
__Hbank6                      bank6        000000
__Hbank7                      bank7        000000
__Hbigbss                     bigbss       000000
__Hbigdata                    bigdata      000000
__Hbigram                     bigram       000000
__Hbss                        bss          000000
__HbssBANK0                   bssBANK0     000000
__HbssCOMRAM                  bssCOMRAM    000000
__Hcinit                      cinit        000000
__Hclrtext                    clrtext      000000
__Hcomram                     comram       000000
__Hconfig                     config       30000E
__Hconst                      const        000000
__HcstackBANK0                cstackBANK0  000000
__HcstackCOMRAM               cstackCOMRAM 000000
__Hdata                       data         000000
__HdataCOMRAM                 dataCOMRAM   000000
__Heeprom_data                eeprom_data  000000
__Hfarbss                     farbss       000000
__Hfardata                    fardata      000000
__Hibigdata                   ibigdata     000000
__Hidata                      idata        000000
__HidataCOMRAM                idataCOMRAM  000000
__Hidloc                      idloc        200008
__Hifardata                   ifardata     000000
__Hinit                       init         000012
__Hintcode                    intcode      00000E
__Hintcode_body               intcode_body 000000
__Hintcodelo                  intcodelo    00000E
__Hintentry                   intentry     000000
__Hintret                     intret       000000
__Hintsave_regs               intsave_regs 000000
__Hirdata                     irdata       000000
__Hmediumconst                mediumconst  000000
__HnvFARRAM                   nvFARRAM     000000
__Hnvbit                      nvbit        000000
__Hnvrram                     nvrram       000000
__Hparam                      rparam       000000
__Hpowerup                    powerup      00000E
__Hram                        ram          000000
__Hramtop                     ramtop       000800
__Hrbit                       rbit         000000
__Hrbss                       rbss         000000
__Hrdata                      rdata        000000
__Hreset_vec                  reset_vec    000004
__Hrparam                     rparam       000000
__Hsfr                        sfr          000000
__Hsmallconst                 smallconst   000000
__Hspace_0                    (abs)        30000E
__Hspace_1                    (abs)        000083
__Hspace_2                    (abs)        000000
__Hstack                      stack        000000
__Hstruct                     struct       000000
__Htemp                       temp         00003D
__Htext                       text         000000
__Htext0                      text0        000000
__Htext1                      text1        000000
__Htext10                     text10       000000
__Htext11                     text11       000000
__Htext12                     text12       000000
__Htext13                     text13       000000
__Htext14                     text14       000000
__Htext16                     text16       000000
__Htext17                     text17       000000
__Htext18                     text18       000000
__Htext19                     text19       000000
__Htext2                      text2        000000
__Htext3                      text3        000000
__Htext4                      text4        000000
__Htext5                      text5        000000
__Htext6                      text6        000000
__Htext7                      text7        000000
__Htext8                      text8        000000
__Htext9                      text9        000000
__LRAM                        (abs)        000001
__Labs1                       abs1         000000
__Lbank0                      bank0        000000
__Lbank1                      bank1        000000
__Lbank2                      bank2        000000
__Lbank3                      bank3        000000
__Lbank4                      bank4        000000
__Lbank5                      bank5        000000
__Lbank6                      bank6        000000
__Lbank7                      bank7        000000
__Lbigbss                     bigbss       000000
__Lbigdata                    bigdata      000000
__Lbigram                     bigram       000000
__Lbss                        bss          000000
__LbssBANK0                   bssBANK0     000000
__LbssCOMRAM                  bssCOMRAM    000000
__Lcinit                      cinit        000000
__Lclrtext                    clrtext      000000
__Lcomram                     comram       000000
__Lconfig                     config       300000
__Lconst                      const        000000
__LcstackBANK0                cstackBANK0  000000
__LcstackCOMRAM               cstackCOMRAM 000000
__Ldata                       data         000000
__LdataCOMRAM                 dataCOMRAM   000000
__Leeprom_data                eeprom_data  000000
__Lfarbss                     farbss       000000
__Lfardata                    fardata      000000
__Libigdata                   ibigdata     000000
__Lidata                      idata        000000
__LidataCOMRAM                idataCOMRAM  000000
__Lidloc                      idloc        200000
__Lifardata                   ifardata     000000
__Linit                       init         00000E
__Lintcode                    intcode      000008
__Lintcode_body               intcode_body 000000
__Lintcodelo                  intcodelo    00000E
__Lintentry                   intentry     000000
__Lintret                     intret       000000
__Lintsave_regs               intsave_regs 000000
__Lirdata                     irdata       000000
__Lmediumconst                mediumconst  000000
__LnvFARRAM                   nvFARRAM     000000
__Lnvbit                      nvbit        000000
__Lnvrram                     nvrram       000000
__Lparam                      rparam       000000
__Lpowerup                    powerup      00000E
__Lram                        ram          000000
__Lramtop                     ramtop       000800
__Lrbit                       rbit         000000
__Lrbss                       rbss         000000
__Lrdata                      rdata        000000
__Lreset_vec                  reset_vec    000000
__Lrparam                     rparam       000000
__Lsfr                        sfr          000000
__Lsmallconst                 smallconst   000000
__Lspace_0                    (abs)        000000
__Lspace_1                    (abs)        000000
__Lspace_2                    (abs)        000000
__Lstack                      stack        000000
__Lstruct                     struct       000000
__Ltemp                       temp         00003C
__Ltext                       text         000000
__Ltext0                      text0        000000
__Ltext1                      text1        000000
__Ltext10                     text10       000000
__Ltext11                     text11       000000
__Ltext12                     text12       000000
__Ltext13                     text13       000000
__Ltext14                     text14       000000
__Ltext16                     text16       000000
__Ltext17                     text17       000000
__Ltext18                     text18       000000
__Ltext19                     text19       000000
__Ltext2                      text2        000000
__Ltext3                      text3        000000
__Ltext4                      text4        000000
__Ltext5                      text5        000000
__Ltext6                      text6        000000
__Ltext7                      text7        000000
__Ltext8                      text8        000000
__Ltext9                      text9        000000
__S0                          (abs)        30000E
__S1                          (abs)        000083
__S2                          (abs)        000000
___aldiv                      text9        00020E
___aldiv@counter              cstackBANK0  000068
___aldiv@dividend             cstackBANK0  000060
___aldiv@divisor              cstackBANK0  000064
___aldiv@quotient             cstackBANK0  00006A
___aldiv@sign                 cstackBANK0  000069
___inthi_sp                   stack        000000
___intlo_sp                   stack        000000
___lldiv                      text7        00064E
___lldiv@counter              cstackBANK0  000078
___lldiv@dividend             cstackBANK0  00006C
___lldiv@divisor              cstackBANK0  000070
___lldiv@quotient             cstackBANK0  000074
___lmul                       text6        000954
___lmul@multiplicand          cstackBANK0  000064
___lmul@multiplier            cstackBANK0  000060
___lmul@product               cstackBANK0  000068
___param_bank                 (abs)        000000
___rparam_used                (abs)        000001
___sp                         stack        000000
__accesstop                   (abs)        000060
__activetblptr                (abs)        000002
__end_of_PWM1_Init            text8        00054E
__end_of_PWM1_Set_Duty        text5        0007B8
__end_of_PWM1_Start           text4        000BB6
__end_of___aldiv              text9        000328
__end_of___lldiv              text7        00070A
__end_of___lmul               text6        0009CA
__end_of__initialization      cinit        000B70
__end_of_adc_amostra          text14       000A3E
__end_of_adc_init             text3        000BD8
__end_of_atraso_ms            text13       000B3A
__end_of_itrp                 intcode_body 00020E
__end_of_loop                 text10       00064E
__end_of_main                 text0        000BA0
__end_of_serial_init          text2        000BCA
__end_of_serial_rx_str_until  text12       000442
__end_of_serial_tx            text11       000BE6
__end_of_setup                text1        0008D2
__end_ofi2_PWM1_Set_Duty      text17       00084A
__end_ofi2___lldiv            text19       000954
__end_ofi2___lmul             text18       000AEE
__end_ofi2_adc_amostra        text16       000A98
__initialization              cinit        000B3A
__mediumconst                 mediumconst  000000
__pbssBANK0                   bssBANK0     00007E
__pbssCOMRAM                  bssCOMRAM    00002F
__pcinit                      cinit        000B3A
__pcstackBANK0                cstackBANK0  000060
__pcstackCOMRAM               cstackCOMRAM 000001
__pdataCOMRAM                 dataCOMRAM   000039
__pidataCOMRAM                idataCOMRAM  000BE6
__pintcode                    intcode      000008
__pintcode_body               intcode_body 000012
__ptext0                      text0        000B7E
__ptext1                      text1        00084A
__ptext10                     text10       00054E
__ptext11                     text11       000BD8
__ptext12                     text12       000328
__ptext13                     text13       000AEE
__ptext14                     text14       0009CA
__ptext16                     text16       000A3E
__ptext17                     text17       0007B8
__ptext18                     text18       000A98
__ptext19                     text19       0008D2
__ptext2                      text2        000BB6
__ptext3                      text3        000BCA
__ptext4                      text4        000BA0
__ptext5                      text5        00070A
__ptext6                      text6        000954
__ptext7                      text7        00064E
__ptext8                      text8        000442
__ptext9                      text9        00020E
__ramtop                      ramtop       000800
__size_of_PWM1_Init           (abs)        000000
__size_of_PWM1_Set_Duty       (abs)        000000
__size_of_PWM1_Start          (abs)        000000
__size_of___aldiv             (abs)        000000
__size_of___lldiv             (abs)        000000
__size_of___lmul              (abs)        000000
__size_of_adc_amostra         (abs)        000000
__size_of_adc_init            (abs)        000000
__size_of_atraso_ms           (abs)        000000
__size_of_itrp                (abs)        000000
__size_of_loop                (abs)        000000
__size_of_main                (abs)        000000
__size_of_serial_init         (abs)        000000
__size_of_serial_rx_str_until (abs)        000000
__size_of_serial_tx           (abs)        000000
__size_of_setup               (abs)        000000
__size_ofi2_PWM1_Set_Duty     (abs)        000000
__size_ofi2___lldiv           (abs)        000000
__size_ofi2___lmul            (abs)        000000
__size_ofi2_adc_amostra       (abs)        000000
__smallconst                  smallconst   000000
_adc_amostra                  text14       0009CA
_adc_init                     text3        000BCA
_aquec_on                     bssCOMRAM    000037
_atraso_ms                    text13       000AEE
_buffer                       bssBANK0     00007E
_gira_servo                   bssCOMRAM    000033
_hora                         bssCOMRAM    000036
_hora_refeicao                dataCOMRAM   00003B
_itrp                         intcode      000008
_loop                         text10       00054E
_main                         text0        000B7E
_minuto                       bssCOMRAM    000035
_minuto_refeicao              dataCOMRAM   00003A
_segundo                      bssCOMRAM    000034
_serial_init                  text2        000BB6
_serial_rx_str_until          text12       000328
_serial_tx                    text11       000BD8
_setup                        text1        00084A
_temp                         bssCOMRAM    000031
_temperatura                  bssCOMRAM    00002F
_temperatura_des              dataCOMRAM   000039
_vent_on                      bssCOMRAM    000038
adc_amostra@canal             cstackBANK0  000066
atraso_ms@i                   cstackBANK0  000062
atraso_ms@j1                  cstackBANK0  000064
atraso_ms@j2                  cstackBANK0  000065
atraso_ms@valor               cstackBANK0  000060
btemp                         temp         00003C
end_of_initialization         cinit        000B70
i2PWM1_Set_Duty@d             cstackCOMRAM 00001C
i2PWM1_Set_Duty@temp          cstackCOMRAM 00001D
i2_PWM1_Set_Duty              text17       0007B8
i2___lldiv                    text19       0008D2
i2___lldiv@counter            cstackCOMRAM 000019
i2___lldiv@dividend           cstackCOMRAM 00000D
i2___lldiv@divisor            cstackCOMRAM 000011
i2___lldiv@quotient           cstackCOMRAM 000015
i2___lmul                     text18       000A98
i2___lmul@multiplicand        cstackCOMRAM 000005
i2___lmul@multiplier          cstackCOMRAM 000001
i2___lmul@product             cstackCOMRAM 000009
i2_adc_amostra                text16       000A3E
i2adc_amostra@canal           cstackCOMRAM 000007
int$flags                     temp         00003C
int_func                      intcode_body 000012
intlevel0                     text         000000
intlevel1                     text         000000
intlevel2                     text         000000
intlevel3                     text         000000
serial_rx_str_until@buff      cstackBANK0  000066
serial_rx_str_until@i         cstackBANK0  000070
serial_rx_str_until@size      cstackBANK0  000068
serial_rx_str_until@term      cstackBANK0  00006A
serial_tx@val                 cstackBANK0  000060
stackhi                       (abs)        0007FF
stacklo                       (abs)        000083
start                         init         00000E
start_initialization          cinit        000B3A


FUNCTION INFORMATION:

 *************** function _main *****************
 Defined at:
		line 79 in file "config.c"
 Parameters:    Size  Location     Type
		None
 Auto vars:     Size  Location     Type
		None
 Return value:  Size  Location     Type
                  1    wreg      void 
 Registers used:
		wreg, fsr2l, fsr2h, status,2, status,0, cstack
 Tracked objects:
		On entry : 
		On exit  : 
		Unchanged: 
 Data sizes:     COMRAM   BANK0   BANK1   BANK2   BANK3   BANK4   BANK5   BANK6   BANK7
      Params:         0       0       0       0       0       0       0       0       0
      Locals:         0       0       0       0       0       0       0       0       0
      Temps:          0       0       0       0       0       0       0       0       0
      Totals:         0       0       0       0       0       0       0       0       0
Total ram usage:        0 bytes
 Hardware stack levels required when called:    6
 This function calls:
		_loop
		_setup
 This function is called by:
		Startup code after reset
 This function uses a non-reentrant model


 *************** function _setup *****************
 Defined at:
		line 105 in file "main.c"
 Parameters:    Size  Location     Type
		None
 Auto vars:     Size  Location     Type
		None
 Return value:  Size  Location     Type
                  1    wreg      void 
 Registers used:
		wreg, status,2, status,0, cstack
 Tracked objects:
		On entry : 
		On exit  : 
		Unchanged: 
 Data sizes:     COMRAM   BANK0   BANK1   BANK2   BANK3   BANK4   BANK5   BANK6   BANK7
      Params:         0       0       0       0       0       0       0       0       0
      Locals:         0       0       0       0       0       0       0       0       0
      Temps:          0       0       0       0       0       0       0       0       0
      Totals:         0       0       0       0       0       0       0       0       0
Total ram usage:        0 bytes
 Hardware stack levels used:    1
 Hardware stack levels required when called:    5
 This function calls:
		_PWM1_Init
		_PWM1_Set_Duty
		_PWM1_Start
		_adc_init
		_serial_init
 This function is called by:
		_main
 This function uses a non-reentrant model


 *************** function _serial_init *****************
 Defined at:
		line 35 in file "serial.c"
 Parameters:    Size  Location     Type
		None
 Auto vars:     Size  Location     Type
		None
 Return value:  Size  Location     Type
                  1    wreg      void 
 Registers used:
		wreg, status,2
 Tracked objects:
		On entry : 
		On exit  : 
		Unchanged: 
 Data sizes:     COMRAM   BANK0   BANK1   BANK2   BANK3   BANK4   BANK5   BANK6   BANK7
      Params:         0       0       0       0       0       0       0       0       0
      Locals:         0       0       0       0       0       0       0       0       0
      Temps:          0       0       0       0       0       0       0       0       0
      Totals:         0       0       0       0       0       0       0       0       0
Total ram usage:        0 bytes
 Hardware stack levels used:    1
 Hardware stack levels required when called:    3
 This function calls:
		Nothing
 This function is called by:
		_setup
 This function uses a non-reentrant model


 *************** function _adc_init *****************
 Defined at:
		line 30 in file "adc.c"
 Parameters:    Size  Location     Type
		None
 Auto vars:     Size  Location     Type
		None
 Return value:  Size  Location     Type
                  1    wreg      void 
 Registers used:
		wreg, status,2
 Tracked objects:
		On entry : 
		On exit  : 
		Unchanged: 
 Data sizes:     COMRAM   BANK0   BANK1   BANK2   BANK3   BANK4   BANK5   BANK6   BANK7
      Params:         0       0       0       0       0       0       0       0       0
      Locals:         0       0       0       0       0       0       0       0       0
      Temps:          0       0       0       0       0       0       0       0       0
      Totals:         0       0       0       0       0       0       0       0       0
Total ram usage:        0 bytes
 Hardware stack levels used:    1
 Hardware stack levels required when called:    3
 This function calls:
		Nothing
 This function is called by:
		_setup
 This function uses a non-reentrant model


 *************** function _PWM1_Start *****************
 Defined at:
		line 79 in file "pwm.c"
 Parameters:    Size  Location     Type
		None
 Auto vars:     Size  Location     Type
		None
 Return value:  Size  Location     Type
                  1    wreg      void 
 Registers used:
		wreg, status,2
 Tracked objects:
		On entry : 
		On exit  : 
		Unchanged: 
 Data sizes:     COMRAM   BANK0   BANK1   BANK2   BANK3   BANK4   BANK5   BANK6   BANK7
      Params:         0       0       0       0       0       0       0       0       0
      Locals:         0       0       0       0       0       0       0       0       0
      Temps:          0       0       0       0       0       0       0       0       0
      Totals:         0       0       0       0       0       0       0       0       0
Total ram usage:        0 bytes
 Hardware stack levels used:    1
 Hardware stack levels required when called:    3
 This function calls:
		Nothing
 This function is called by:
		_setup
 This function uses a non-reentrant model


 *************** function _PWM1_Set_Duty *****************
 Defined at:
		line 105 in file "pwm.c"
 Parameters:    Size  Location     Type
  d               1    wreg     unsigned char 
 Auto vars:     Size  Location     Type
  d               1   27[BANK0 ] unsigned char 
  temp            2   28[BANK0 ] unsigned int 
 Return value:  Size  Location     Type
                  1    wreg      void 
 Registers used:
		wreg, status,2, status,0, cstack
 Tracked objects:
		On entry : 
		On exit  : 
		Unchanged: 
 Data sizes:     COMRAM   BANK0   BANK1   BANK2   BANK3   BANK4   BANK5   BANK6   BANK7
      Params:         0       0       0       0       0       0       0       0       0
      Locals:         0       3       0       0       0       0       0       0       0
      Temps:          0       2       0       0       0       0       0       0       0
      Totals:         0       5       0       0       0       0       0       0       0
Total ram usage:        5 bytes
 Hardware stack levels used:    1
 Hardware stack levels required when called:    4
 This function calls:
		___lldiv
		___lmul
 This function is called by:
		_setup
 This function uses a non-reentrant model


 *************** function ___lmul *****************
 Defined at:
		line 15 in file "C:\Program Files (x86)\Microchip\xc8\v1.41\sources\common\Umul32.c"
 Parameters:    Size  Location     Type
  multiplier      4    0[BANK0 ] unsigned long 
  multiplicand    4    4[BANK0 ] unsigned long 
 Auto vars:     Size  Location     Type
  product         4    8[BANK0 ] unsigned long 
 Return value:  Size  Location     Type
                  4    0[BANK0 ] unsigned long 
 Registers used:
		wreg, status,2, status,0
 Tracked objects:
		On entry : 
		On exit  : 
		Unchanged: 
 Data sizes:     COMRAM   BANK0   BANK1   BANK2   BANK3   BANK4   BANK5   BANK6   BANK7
      Params:         0       8       0       0       0       0       0       0       0
      Locals:         0       4       0       0       0       0       0       0       0
      Temps:          0       0       0       0       0       0       0       0       0
      Totals:         0      12       0       0       0       0       0       0       0
Total ram usage:       12 bytes
 Hardware stack levels used:    1
 Hardware stack levels required when called:    3
 This function calls:
		Nothing
 This function is called by:
		_PWM1_Set_Duty
 This function uses a non-reentrant model


 *************** function ___lldiv *****************
 Defined at:
		line 8 in file "C:\Program Files (x86)\Microchip\xc8\v1.41\sources\common\lldiv.c"
 Parameters:    Size  Location     Type
  dividend        4   12[BANK0 ] unsigned long 
  divisor         4   16[BANK0 ] unsigned long 
 Auto vars:     Size  Location     Type
  quotient        4   20[BANK0 ] unsigned long 
  counter         1   24[BANK0 ] unsigned char 
 Return value:  Size  Location     Type
                  4   12[BANK0 ] unsigned long 
 Registers used:
		wreg, status,2, status,0
 Tracked objects:
		On entry : 
		On exit  : 
		Unchanged: 
 Data sizes:     COMRAM   BANK0   BANK1   BANK2   BANK3   BANK4   BANK5   BANK6   BANK7
      Params:         0       8       0       0       0       0       0       0       0
      Locals:         0       5       0       0       0       0       0       0       0
      Temps:          0       0       0       0       0       0       0       0       0
      Totals:         0      13       0       0       0       0       0       0       0
Total ram usage:       13 bytes
 Hardware stack levels used:    1
 Hardware stack levels required when called:    3
 This function calls:
		Nothing
 This function is called by:
		_PWM1_Set_Duty
 This function uses a non-reentrant model


 *************** function _PWM1_Init *****************
 Defined at:
		line 31 in file "pwm.c"
 Parameters:    Size  Location     Type
  f               2   14[BANK0 ] unsigned int 
 Auto vars:     Size  Location     Type
  temp            2   20[BANK0 ] unsigned int 
 Return value:  Size  Location     Type
                  1    wreg      void 
 Registers used:
		wreg, status,2, status,0, cstack
 Tracked objects:
		On entry : 
		On exit  : 
		Unchanged: 
 Data sizes:     COMRAM   BANK0   BANK1   BANK2   BANK3   BANK4   BANK5   BANK6   BANK7
      Params:         0       2       0       0       0       0       0       0       0
      Locals:         0       2       0       0       0       0       0       0       0
      Temps:          0       4       0       0       0       0       0       0       0
      Totals:         0       8       0       0       0       0       0       0       0
Total ram usage:        8 bytes
 Hardware stack levels used:    1
 Hardware stack levels required when called:    4
 This function calls:
		___aldiv
 This function is called by:
		_setup
 This function uses a non-reentrant model


 *************** function ___aldiv *****************
 Defined at:
		line 8 in file "C:\Program Files (x86)\Microchip\xc8\v1.41\sources\common\aldiv.c"
 Parameters:    Size  Location     Type
  dividend        4    0[BANK0 ] long 
  divisor         4    4[BANK0 ] long 
 Auto vars:     Size  Location     Type
  quotient        4   10[BANK0 ] long 
  sign            1    9[BANK0 ] unsigned char 
  counter         1    8[BANK0 ] unsigned char 
 Return value:  Size  Location     Type
                  4    0[BANK0 ] long 
 Registers used:
		wreg, status,2, status,0
 Tracked objects:
		On entry : 
		On exit  : 
		Unchanged: 
 Data sizes:     COMRAM   BANK0   BANK1   BANK2   BANK3   BANK4   BANK5   BANK6   BANK7
      Params:         0       8       0       0       0       0       0       0       0
      Locals:         0       6       0       0       0       0       0       0       0
      Temps:          0       0       0       0       0       0       0       0       0
      Totals:         0      14       0       0       0       0       0       0       0
Total ram usage:       14 bytes
 Hardware stack levels used:    1
 Hardware stack levels required when called:    3
 This function calls:
		Nothing
 This function is called by:
		_PWM1_Init
 This function uses a non-reentrant model


 *************** function _loop *****************
 Defined at:
		line 159 in file "main.c"
 Parameters:    Size  Location     Type
		None
 Auto vars:     Size  Location     Type
		None
 Return value:  Size  Location     Type
                  1    wreg      void 
 Registers used:
		wreg, fsr2l, fsr2h, status,2, status,0, cstack
 Tracked objects:
		On entry : 
		On exit  : 
		Unchanged: 
 Data sizes:     COMRAM   BANK0   BANK1   BANK2   BANK3   BANK4   BANK5   BANK6   BANK7
      Params:         0       0       0       0       0       0       0       0       0
      Locals:         0       0       0       0       0       0       0       0       0
      Temps:          0       2       0       0       0       0       0       0       0
      Totals:         0       2       0       0       0       0       0       0       0
Total ram usage:        2 bytes
 Hardware stack levels used:    1
 Hardware stack levels required when called:    5
 This function calls:
		_adc_amostra
		_atraso_ms
		_serial_rx_str_until
		_serial_tx
 This function is called by:
		_main
 This function uses a non-reentrant model


 *************** function _serial_tx *****************
 Defined at:
		line 60 in file "serial.c"
 Parameters:    Size  Location     Type
  val             1    wreg     unsigned char 
 Auto vars:     Size  Location     Type
  val             1    0[BANK0 ] unsigned char 
 Return value:  Size  Location     Type
                  1    wreg      void 
 Registers used:
		wreg
 Tracked objects:
		On entry : 
		On exit  : 
		Unchanged: 
 Data sizes:     COMRAM   BANK0   BANK1   BANK2   BANK3   BANK4   BANK5   BANK6   BANK7
      Params:         0       0       0       0       0       0       0       0       0
      Locals:         0       1       0       0       0       0       0       0       0
      Temps:          0       0       0       0       0       0       0       0       0
      Totals:         0       1       0       0       0       0       0       0       0
Total ram usage:        1 bytes
 Hardware stack levels used:    1
 Hardware stack levels required when called:    3
 This function calls:
		Nothing
 This function is called by:
		_loop
		_serial_tx_str
 This function uses a non-reentrant model


 *************** function _serial_rx_str_until *****************
 Defined at:
		line 136 in file "serial.c"
 Parameters:    Size  Location     Type
  buff            2    6[BANK0 ] PTR unsigned char 
		 -> buffer(5), 
  size            2    8[BANK0 ] unsigned int 
  term            1   10[BANK0 ] unsigned char 
 Auto vars:     Size  Location     Type
  i               2   16[BANK0 ] unsigned int 
 Return value:  Size  Location     Type
                  2    6[BANK0 ] PTR unsigned char 
 Registers used:
		wreg, fsr2l, fsr2h, status,2, status,0, cstack
 Tracked objects:
		On entry : 
		On exit  : 
		Unchanged: 
 Data sizes:     COMRAM   BANK0   BANK1   BANK2   BANK3   BANK4   BANK5   BANK6   BANK7
      Params:         0       5       0       0       0       0       0       0       0
      Locals:         0       2       0       0       0       0       0       0       0
      Temps:          0       5       0       0       0       0       0       0       0
      Totals:         0      12       0       0       0       0       0       0       0
Total ram usage:       12 bytes
 Hardware stack levels used:    1
 Hardware stack levels required when called:    4
 This function calls:
		_atraso_ms
 This function is called by:
		_loop
 This function uses a non-reentrant model


 *************** function _atraso_ms *****************
 Defined at:
		line 29 in file "atraso.c"
 Parameters:    Size  Location     Type
  valor           2    0[BANK0 ] unsigned int 
 Auto vars:     Size  Location     Type
  i               2    2[BANK0 ] unsigned int 
  j2              1    5[BANK0 ] volatile unsigned char 
  j1              1    4[BANK0 ] volatile unsigned char 
 Return value:  Size  Location     Type
                  1    wreg      void 
 Registers used:
		wreg, status,2, status,0
 Tracked objects:
		On entry : 
		On exit  : 
		Unchanged: 
 Data sizes:     COMRAM   BANK0   BANK1   BANK2   BANK3   BANK4   BANK5   BANK6   BANK7
      Params:         0       2       0       0       0       0       0       0       0
      Locals:         0       4       0       0       0       0       0       0       0
      Temps:          0       0       0       0       0       0       0       0       0
      Totals:         0       6       0       0       0       0       0       0       0
Total ram usage:        6 bytes
 Hardware stack levels used:    1
 Hardware stack levels required when called:    3
 This function calls:
		Nothing
 This function is called by:
		_loop
		_serial_rx_str_until
		_serial_rx
		_serial_rx_str
 This function uses a non-reentrant model


 *************** function _adc_amostra *****************
 Defined at:
		line 44 in file "adc.c"
 Parameters:    Size  Location     Type
  canal           1    wreg     unsigned char 
 Auto vars:     Size  Location     Type
  canal           1    6[BANK0 ] unsigned char 
 Return value:  Size  Location     Type
                  2    0[BANK0 ] unsigned int 
 Registers used:
		wreg, status,2, status,0
 Tracked objects:
		On entry : 
		On exit  : 
		Unchanged: 
 Data sizes:     COMRAM   BANK0   BANK1   BANK2   BANK3   BANK4   BANK5   BANK6   BANK7
      Params:         0       2       0       0       0       0       0       0       0
      Locals:         0       1       0       0       0       0       0       0       0
      Temps:          0       4       0       0       0       0       0       0       0
      Totals:         0       7       0       0       0       0       0       0       0
Total ram usage:        7 bytes
 Hardware stack levels used:    1
 Hardware stack levels required when called:    3
 This function calls:
		Nothing
 This function is called by:
		_loop
 This function uses a non-reentrant model


 *************** function _itrp *****************
 Defined at:
		line 25 in file "main.c"
 Parameters:    Size  Location     Type
		None
 Auto vars:     Size  Location     Type
		None
 Return value:  Size  Location     Type
                  1    wreg      void 
 Registers used:
		wreg, status,2, status,0, cstack
 Tracked objects:
		On entry : 
		On exit  : 
		Unchanged: 
 Data sizes:     COMRAM   BANK0   BANK1   BANK2   BANK3   BANK4   BANK5   BANK6   BANK7
      Params:         0       0       0       0       0       0       0       0       0
      Locals:         0       0       0       0       0       0       0       0       0
      Temps:         16       0       0       0       0       0       0       0       0
      Totals:        16       0       0       0       0       0       0       0       0
Total ram usage:       16 bytes
 Hardware stack levels used:    1
 Hardware stack levels required when called:    2
 This function calls:
		i2_PWM1_Set_Duty
		i2_adc_amostra
 This function is called by:
		Interrupt level 2
 This function uses a non-reentrant model


 *************** function i2_adc_amostra *****************
 Defined at:
		line 44 in file "adc.c"
 Parameters:    Size  Location     Type
  canal           1    wreg     unsigned char 
 Auto vars:     Size  Location     Type
  canal           1    6[COMRAM] unsigned char 
 Return value:  Size  Location     Type
                  2    0[COMRAM] unsigned int 
 Registers used:
		wreg, status,2, status,0
 Tracked objects:
		On entry : 
		On exit  : 
		Unchanged: 
 Data sizes:     COMRAM   BANK0   BANK1   BANK2   BANK3   BANK4   BANK5   BANK6   BANK7
      Params:         2       0       0       0       0       0       0       0       0
      Locals:         1       0       0       0       0       0       0       0       0
      Temps:          4       0       0       0       0       0       0       0       0
      Totals:         7       0       0       0       0       0       0       0       0
Total ram usage:        7 bytes
 Hardware stack levels used:    1
 This function calls:
		Nothing
 This function is called by:
		_itrp
 This function uses a non-reentrant model


 *************** function i2_PWM1_Set_Duty *****************
 Defined at:
		line 105 in file "pwm.c"
 Parameters:    Size  Location     Type
  d               1    wreg     unsigned char 
 Auto vars:     Size  Location     Type
  d               1   27[COMRAM] unsigned char 
  PWM1_Set_Dut    2   28[COMRAM] unsigned int 
 Return value:  Size  Location     Type
                  1    wreg      void 
 Registers used:
		wreg, status,2, status,0, cstack
 Tracked objects:
		On entry : 
		On exit  : 
		Unchanged: 
 Data sizes:     COMRAM   BANK0   BANK1   BANK2   BANK3   BANK4   BANK5   BANK6   BANK7
      Params:         0       0       0       0       0       0       0       0       0
      Locals:         3       0       0       0       0       0       0       0       0
      Temps:          2       0       0       0       0       0       0       0       0
      Totals:         5       0       0       0       0       0       0       0       0
Total ram usage:        5 bytes
 Hardware stack levels used:    1
 Hardware stack levels required when called:    1
 This function calls:
		i2___lldiv
		i2___lmul
 This function is called by:
		_itrp
 This function uses a non-reentrant model


 *************** function i2___lmul *****************
 Defined at:
		line 15 in file "C:\Program Files (x86)\Microchip\xc8\v1.41\sources\common\Umul32.c"
 Parameters:    Size  Location     Type
  multiplier      4    0[COMRAM] unsigned long 
  multiplicand    4    4[COMRAM] unsigned long 
 Auto vars:     Size  Location     Type
  __lmul          4    8[COMRAM] unsigned long 
 Return value:  Size  Location     Type
                  4    0[COMRAM] unsigned long 
 Registers used:
		wreg, status,2, status,0
 Tracked objects:
		On entry : 
		On exit  : 
		Unchanged: 
 Data sizes:     COMRAM   BANK0   BANK1   BANK2   BANK3   BANK4   BANK5   BANK6   BANK7
      Params:         8       0       0       0       0       0       0       0       0
      Locals:         4       0       0       0       0       0       0       0       0
      Temps:          0       0       0       0       0       0       0       0       0
      Totals:        12       0       0       0       0       0       0       0       0
Total ram usage:       12 bytes
 Hardware stack levels used:    1
 This function calls:
		Nothing
 This function is called by:
		i2_PWM1_Set_Duty
 This function uses a non-reentrant model


 *************** function i2___lldiv *****************
 Defined at:
		line 8 in file "C:\Program Files (x86)\Microchip\xc8\v1.41\sources\common\lldiv.c"
 Parameters:    Size  Location     Type
  dividend        4   12[COMRAM] unsigned long 
  divisor         4   16[COMRAM] unsigned long 
 Auto vars:     Size  Location     Type
  __lldiv         4   20[COMRAM] unsigned long 
  __lldiv         1   24[COMRAM] unsigned char 
 Return value:  Size  Location     Type
                  4   12[COMRAM] unsigned long 
 Registers used:
		wreg, status,2, status,0
 Tracked objects:
		On entry : 
		On exit  : 
		Unchanged: 
 Data sizes:     COMRAM   BANK0   BANK1   BANK2   BANK3   BANK4   BANK5   BANK6   BANK7
      Params:         8       0       0       0       0       0       0       0       0
      Locals:         5       0       0       0       0       0       0       0       0
      Temps:          0       0       0       0       0       0       0       0       0
      Totals:        13       0       0       0       0       0       0       0       0
Total ram usage:       13 bytes
 Hardware stack levels used:    1
 This function calls:
		Nothing
 This function is called by:
		i2_PWM1_Set_Duty
 This function uses a non-reentrant model



MODULE INFORMATION

Module		Function		Class		Link	Load	Size
serial.c
		_serial_tx     		CODE           	0BD8	0000	15
		_serial_init   		CODE           	0BB6	0000	21
		_serial_rx_str_until		CODE           	0328	0000	283

serial.c estimated size: 319

C:\Program Files (x86)\Microchip\xc8\v1.41\sources\common\lldiv.c
		___lldiv       		CODE           	064E	0000	189

C:\Program Files (x86)\Microchip\xc8\v1.41\sources\common\lldiv.c estimated size: 189

C:\Program Files (x86)\Microchip\xc8\v1.41\sources\common\aldiv.c
		___aldiv       		CODE           	020E	0000	283

C:\Program Files (x86)\Microchip\xc8\v1.41\sources\common\aldiv.c estimated size: 283

pwm.c
		_PWM1_Start    		CODE           	0BA0	0000	23
		_PWM1_Init     		CODE           	0442	0000	269
		_PWM1_Set_Duty 		CODE           	070A	0000	175

pwm.c estimated size: 467

atraso.c
		_atraso_ms     		CODE           	0AEE	0000	77

atraso.c estimated size: 77

adc.c
		_adc_amostra   		CODE           	09CA	0000	117
		_adc_init      		CODE           	0BCA	0000	15

adc.c estimated size: 132

C:\Program Files (x86)\Microchip\xc8\v1.41\sources\common\Umul32.c
		___lmul        		CODE           	0954	0000	119

C:\Program Files (x86)\Microchip\xc8\v1.41\sources\common\Umul32.c estimated size: 119

config.c
		_main          		CODE           	0B7E	0000	35

config.c estimated size: 35

shared
		i2_adc_amostra 		CODE           	0A3E	0000	91
		i2___lldiv     		CODE           	08D2	0000	131
		__initialization		CODE           	0B3A	0000	55
		i2___lmul      		CODE           	0A98	0000	87
		i2_PWM1_Set_Duty		CODE           	07B8	0000	147

shared estimated size: 511

main.c
		_loop          		CODE           	054E	0000	257
		_itrp          		CODE           	0008	0000	515
		_setup         		CODE           	084A	0000	137

main.c estimated size: 909

